// Jest Snapshot v1, https://goo.gl/fbAQLP

exports[`NewCardForm matches an existing snapshot 1`] = `
<form
  className="new-card-form"
  id="new-card-form"
  name="new-card-form"
  onSubmit={[Function]}
>
  <h3
    className="new-card-form__header"
  >
    Add a New Card
  </h3>
  <div>
    <label
      className="new-card-form__form-label"
      htmlFor="cardText"
    >
      Text
    </label>
    <input
      className="new-card-form__form-textarea"
      name="cardText"
      onChange={[Function]}
      placeholder="Inspire!"
      value=""
    />
  </div>
  <div>
    <label
      className="new-card-form__form-label"
    >
      Select Emoji:
    </label>
    <select
      className="new-card-form__form-select"
      name="cardEmoji"
      onChange={[Function]}
      value=""
    >
      <option
        key="0"
        value=""
      />
      <option
        key="1"
        value="heart_eyes"
      >
        😍
      </option>
      <option
        key="2"
        value="beer"
      >
        🍺
      </option>
      <option
        key="3"
        value="clap"
      >
        👏
      </option>
      <option
        key="4"
        value="sparkling_heart"
      >
        💖
      </option>
      <option
        key="5"
        value="heart_eyes_cat"
      >
        😻
      </option>
      <option
        key="6"
        value="dog"
      >
        🐶
      </option>
    </select>
  </div>
  <input
    className="btn btn-success new-card-form__form-button"
    name="submit"
    type="submit"
    value="Add Card"
  />
</form>
`;
